
$ C:\Users\arahe\AppData\Local\Programs\Python\Python312\python.exe -m training.sft_probe.generation_eval --tag a1_3e5_dose001 --out-dir C:\iclr-oc\results\sft_probe\generations --metrics C:\iclr-oc\results\sft_probe\generation_metrics.json --checkpoint C:\iclr-oc\runs\sft_probe\a1_3e5\dose_173755.pt
{
 "tag": "a1_3e5_dose001",
 "greedy": {
  "prompt_count": 40,
  "mean_repeated_unigram_fraction": 0.78359375,
  "mean_repeated_bigram_fraction": 0.7242063492063492,
  "mean_repeated_trigram_fraction": 0.6887096774193548,
  "mean_distinct_2": 0.2757936507936508,
  "mean_distinct_3": 0.31129032258064515,
  "mean_token_entropy_bits": 3.345177227193255,
  "mean_longest_repeated_substring": 35.05,
  "constant_token_rate": 0.0,
  "loop_run_ge_8_rate": 0.0
 },
 "sampled": {
  "prompt_count": 40,
  "mean_repeated_unigram_fraction": 0.5255859375,
  "mean_repeated_bigram_fraction": 0.30118110236220474,
  "mean_repeated_trigram_fraction": 0.21587301587301586,
  "mean_distinct_2": 0.6988188976377953,
  "mean_distinct_3": 0.7841269841269841,
  "mean_token_entropy_bits": 5.3319759670886615,
  "mean_longest_repeated_substring": 12.15,
  "constant_token_rate": 0.0,
  "loop_run_ge_8_rate": 0.0
 },
 "parity": true
}
