
$ C:\Users\arahe\AppData\Local\Programs\Python\Python312\python.exe -m training.sft_probe.generation_eval --tag a1_3e5_dose003 --out-dir C:\iclr-oc\results\sft_probe\generations --metrics C:\iclr-oc\results\sft_probe\generation_metrics.json --checkpoint C:\iclr-oc\runs\sft_probe\a1_3e5\dose_521265.pt
{
 "tag": "a1_3e5_dose003",
 "greedy": {
  "prompt_count": 40,
  "mean_repeated_unigram_fraction": 0.758203125,
  "mean_repeated_bigram_fraction": 0.6880952380952381,
  "mean_repeated_trigram_fraction": 0.6475806451612903,
  "mean_distinct_2": 0.3119047619047619,
  "mean_distinct_3": 0.3524193548387097,
  "mean_token_entropy_bits": 3.4579214074893194,
  "mean_longest_repeated_substring": 33.25,
  "constant_token_rate": 0.0,
  "loop_run_ge_8_rate": 0.0
 },
 "sampled": {
  "prompt_count": 40,
  "mean_repeated_unigram_fraction": 0.5162109375,
  "mean_repeated_bigram_fraction": 0.29015748031496064,
  "mean_repeated_trigram_fraction": 0.2013888888888889,
  "mean_distinct_2": 0.7098425196850393,
  "mean_distinct_3": 0.798611111111111,
  "mean_token_entropy_bits": 5.343973234709345,
  "mean_longest_repeated_substring": 10.775,
  "constant_token_rate": 0.0,
  "loop_run_ge_8_rate": 0.0
 },
 "parity": true
}
