
$ C:\Users\arahe\AppData\Local\Programs\Python\Python312\python.exe -m training.sft_probe.generation_eval --tag a2_1e4_dose003 --out-dir C:\iclr-oc\results\sft_probe\generations --metrics C:\iclr-oc\results\sft_probe\generation_metrics.json --checkpoint C:\iclr-oc\runs\sft_probe\a2_1e4\dose_521265.pt
{
 "tag": "a2_1e4_dose003",
 "greedy": {
  "prompt_count": 40,
  "mean_repeated_unigram_fraction": 0.761328125,
  "mean_repeated_bigram_fraction": 0.6876984126984127,
  "mean_repeated_trigram_fraction": 0.6431451612903226,
  "mean_distinct_2": 0.3123015873015873,
  "mean_distinct_3": 0.3568548387096774,
  "mean_token_entropy_bits": 3.434106692067727,
  "mean_longest_repeated_substring": 30.025,
  "constant_token_rate": 0.0,
  "loop_run_ge_8_rate": 0.0
 },
 "sampled": {
  "prompt_count": 40,
  "mean_repeated_unigram_fraction": 0.500390625,
  "mean_repeated_bigram_fraction": 0.2625984251968504,
  "mean_repeated_trigram_fraction": 0.17242063492063492,
  "mean_distinct_2": 0.7374015748031496,
  "mean_distinct_3": 0.827579365079365,
  "mean_token_entropy_bits": 5.48239486209963,
  "mean_longest_repeated_substring": 8.5,
  "constant_token_rate": 0.0,
  "loop_run_ge_8_rate": 0.0
 },
 "parity": true
}
