
$ C:\Users\arahe\AppData\Local\Programs\Python\Python312\python.exe -m training.sft_probe.generation_eval --tag a2_1e4_dose001 --out-dir C:\iclr-oc\results\sft_probe\generations --metrics C:\iclr-oc\results\sft_probe\generation_metrics.json --checkpoint C:\iclr-oc\runs\sft_probe\a2_1e4\dose_173755.pt
{
 "tag": "a2_1e4_dose001",
 "greedy": {
  "prompt_count": 40,
  "mean_repeated_unigram_fraction": 0.801171875,
  "mean_repeated_bigram_fraction": 0.7432539682539683,
  "mean_repeated_trigram_fraction": 0.7104838709677419,
  "mean_distinct_2": 0.2567460317460317,
  "mean_distinct_3": 0.28951612903225804,
  "mean_token_entropy_bits": 3.1214802875178878,
  "mean_longest_repeated_substring": 38.325,
  "constant_token_rate": 0.0,
  "loop_run_ge_8_rate": 0.0
 },
 "sampled": {
  "prompt_count": 40,
  "mean_repeated_unigram_fraction": 0.49140625,
  "mean_repeated_bigram_fraction": 0.24448818897637797,
  "mean_repeated_trigram_fraction": 0.14603174603174604,
  "mean_distinct_2": 0.7555118110236221,
  "mean_distinct_3": 0.8539682539682539,
  "mean_token_entropy_bits": 5.518877289512605,
  "mean_longest_repeated_substring": 7.825,
  "constant_token_rate": 0.0,
  "loop_run_ge_8_rate": 0.0
 },
 "parity": true
}
