
$ C:\Users\arahe\AppData\Local\Programs\Python\Python312\python.exe -m training.sft_probe.generation_eval --tag a3_3e4_dose003 --out-dir C:\iclr-oc\results\sft_probe\generations --metrics C:\iclr-oc\results\sft_probe\generation_metrics.json --checkpoint C:\iclr-oc\runs\sft_probe\a3_3e4\dose_521265.pt
{
 "tag": "a3_3e4_dose003",
 "greedy": {
  "prompt_count": 40,
  "mean_repeated_unigram_fraction": 0.77109375,
  "mean_repeated_bigram_fraction": 0.6964285714285714,
  "mean_repeated_trigram_fraction": 0.6520161290322581,
  "mean_distinct_2": 0.30357142857142855,
  "mean_distinct_3": 0.34798387096774197,
  "mean_token_entropy_bits": 3.3166337259380634,
  "mean_longest_repeated_substring": 31.35,
  "constant_token_rate": 0.0,
  "loop_run_ge_8_rate": 0.025
 },
 "sampled": {
  "prompt_count": 40,
  "mean_repeated_unigram_fraction": 0.5119140625,
  "mean_repeated_bigram_fraction": 0.28740157480314965,
  "mean_repeated_trigram_fraction": 0.19623015873015875,
  "mean_distinct_2": 0.7125984251968503,
  "mean_distinct_3": 0.8037698412698413,
  "mean_token_entropy_bits": 5.412234833753314,
  "mean_longest_repeated_substring": 12.525,
  "constant_token_rate": 0.0,
  "loop_run_ge_8_rate": 0.0
 },
 "parity": true
}
