
$ C:\Users\arahe\AppData\Local\Programs\Python\Python312\python.exe -m training.sft_probe.generation_eval --tag b1_rep0_dose003 --out-dir C:\iclr-oc\results\sft_probe\generations --metrics C:\iclr-oc\results\sft_probe\generation_metrics.json --checkpoint C:\iclr-oc\runs\sft_probe\b1_rep0\dose_521265.pt
{
 "tag": "b1_rep0_dose003",
 "greedy": {
  "prompt_count": 40,
  "mean_repeated_unigram_fraction": 0.776953125,
  "mean_repeated_bigram_fraction": 0.6948412698412698,
  "mean_repeated_trigram_fraction": 0.6415322580645161,
  "mean_distinct_2": 0.30515873015873013,
  "mean_distinct_3": 0.35846774193548386,
  "mean_token_entropy_bits": 3.332311570127623,
  "mean_longest_repeated_substring": 30.225,
  "constant_token_rate": 0.0,
  "loop_run_ge_8_rate": 0.025
 },
 "sampled": {
  "prompt_count": 40,
  "mean_repeated_unigram_fraction": 0.4841796875,
  "mean_repeated_bigram_fraction": 0.25216535433070864,
  "mean_repeated_trigram_fraction": 0.1638888888888889,
  "mean_distinct_2": 0.7478346456692913,
  "mean_distinct_3": 0.836111111111111,
  "mean_token_entropy_bits": 5.535346970547961,
  "mean_longest_repeated_substring": 9.85,
  "constant_token_rate": 0.0,
  "loop_run_ge_8_rate": 0.0
 },
 "parity": true
}
