
$ C:\Users\arahe\AppData\Local\Programs\Python\Python312\python.exe -m training.sft_probe.generation_eval --tag b2_rep10_dose010 --out-dir C:\iclr-oc\results\sft_probe\generations --metrics C:\iclr-oc\results\sft_probe\generation_metrics.json --checkpoint C:\iclr-oc\runs\sft_probe\b2_rep10\dose_1737549.pt
{
 "tag": "b2_rep10_dose010",
 "greedy": {
  "prompt_count": 40,
  "mean_repeated_unigram_fraction": 0.69765625,
  "mean_repeated_bigram_fraction": 0.6003968253968254,
  "mean_repeated_trigram_fraction": 0.555241935483871,
  "mean_distinct_2": 0.3996031746031746,
  "mean_distinct_3": 0.444758064516129,
  "mean_token_entropy_bits": 3.874968933036618,
  "mean_longest_repeated_substring": 27.775,
  "constant_token_rate": 0.0,
  "loop_run_ge_8_rate": 0.0
 },
 "sampled": {
  "prompt_count": 40,
  "mean_repeated_unigram_fraction": 0.5130859375,
  "mean_repeated_bigram_fraction": 0.2740157480314961,
  "mean_repeated_trigram_fraction": 0.17936507936507937,
  "mean_distinct_2": 0.7259842519685039,
  "mean_distinct_3": 0.8206349206349206,
  "mean_token_entropy_bits": 5.4472000706157875,
  "mean_longest_repeated_substring": 9.675,
  "constant_token_rate": 0.0,
  "loop_run_ge_8_rate": 0.025
 },
 "parity": true
}

$ C:\Users\arahe\AppData\Local\Programs\Python\Python312\python.exe -m training.sft_probe.generation_eval --tag b2_rep10_dose010 --out-dir C:\iclr-oc\results\sft_probe\generations --metrics C:\iclr-oc\results\sft_probe\generation_metrics.json --checkpoint C:\iclr-oc\runs\sft_probe\b2_rep10\dose_1737549.pt
{
 "tag": "b2_rep10_dose010",
 "greedy": {
  "prompt_count": 40,
  "mean_repeated_unigram_fraction": 0.661328125,
  "mean_repeated_bigram_fraction": 0.5436507936507937,
  "mean_repeated_trigram_fraction": 0.4866935483870968,
  "mean_distinct_2": 0.45634920634920634,
  "mean_distinct_3": 0.5133064516129032,
  "mean_token_entropy_bits": 3.9894530096323892,
  "mean_longest_repeated_substring": 23.3,
  "constant_token_rate": 0.0,
  "loop_run_ge_8_rate": 0.0
 },
 "sampled": {
  "prompt_count": 40,
  "mean_repeated_unigram_fraction": 0.4931640625,
  "mean_repeated_bigram_fraction": 0.26102362204724405,
  "mean_repeated_trigram_fraction": 0.17242063492063492,
  "mean_distinct_2": 0.738976377952756,
  "mean_distinct_3": 0.827579365079365,
  "mean_token_entropy_bits": 5.511322769183413,
  "mean_longest_repeated_substring": 9.7,
  "constant_token_rate": 0.0,
  "loop_run_ge_8_rate": 0.0
 },
 "parity": true
}
