
$ C:\Users\arahe\AppData\Local\Programs\Python\Python312\python.exe -m training.sft_probe.generation_eval --tag c_dose030 --out-dir C:\iclr-oc\results\sft_probe\generations --metrics C:\iclr-oc\results\sft_probe\generation_metrics.json --checkpoint C:\iclr-oc\runs\sft_probe\c_dose030_from_b2_rep10\dose_5212647.pt
{
 "tag": "c_dose030",
 "greedy": {
  "prompt_count": 40,
  "mean_repeated_unigram_fraction": 0.64375,
  "mean_repeated_bigram_fraction": 0.5226190476190476,
  "mean_repeated_trigram_fraction": 0.467741935483871,
  "mean_distinct_2": 0.47738095238095235,
  "mean_distinct_3": 0.532258064516129,
  "mean_token_entropy_bits": 4.087968768263133,
  "mean_longest_repeated_substring": 24.725,
  "constant_token_rate": 0.0,
  "loop_run_ge_8_rate": 0.025
 },
 "sampled": {
  "prompt_count": 40,
  "mean_repeated_unigram_fraction": 0.5013671875,
  "mean_repeated_bigram_fraction": 0.2576771653543307,
  "mean_repeated_trigram_fraction": 0.17103174603174603,
  "mean_distinct_2": 0.7423228346456693,
  "mean_distinct_3": 0.8289682539682539,
  "mean_token_entropy_bits": 5.485569501249975,
  "mean_longest_repeated_substring": 9.975,
  "constant_token_rate": 0.0,
  "loop_run_ge_8_rate": 0.0
 },
 "parity": true
}
