remark: ckcczvzgwi2jkxx3l4k5d5rahn6be7ytjrznutc7d2rsxrdejcsa.py:18:0: 218 instructions in function
remark: ckcczvzgwi2jkxx3l4k5d5rahn6be7ytjrznutc7d2rsxrdejcsa.py:18:0: 240 instructions in function
remark: ckcczvzgwi2jkxx3l4k5d5rahn6be7ytjrznutc7d2rsxrdejcsa.py:18:0: 302 instructions in function
remark: ckcczvzgwi2jkxx3l4k5d5rahn6be7ytjrznutc7d2rsxrdejcsa.py:18:0: 218 instructions in function
remark: ckcczvzgwi2jkxx3l4k5d5rahn6be7ytjrznutc7d2rsxrdejcsa.py:18:0: 153 instructions in function
remark: cyleaha7bknkpopexpxi2h7ehcaoj5mhimjbb3cfkxupo2w5vimr.py:18:0: 2697 instructions in function
remark: cyleaha7bknkpopexpxi2h7ehcaoj5mhimjbb3cfkxupo2w5vimr.py:18:0: 702 instructions in function
remark: c5y4cwq37siblppqrsvxzmfsldsu4z3fftpokcow5vuxpxbywdi6.py:18:0: 262 instructions in function
remark: c5y4cwq37siblppqrsvxzmfsldsu4z3fftpokcow5vuxpxbywdi6.py:18:0: 125 instructions in function
remark: cvc2fykubdatbnvx3xy7qebl5iufvkwfmxi5j4sknfsozz3gxxdg.py:18:0: 224 instructions in function
remark: cixc7sc5lcesiwz6synwnpa6ip6c6i4s2sknhuwqy55pzavfw2qk.py:18:0: 39 instructions in function
remark: cixc7sc5lcesiwz6synwnpa6ip6c6i4s2sknhuwqy55pzavfw2qk.py:18:0: 39 instructions in function
remark: cixc7sc5lcesiwz6synwnpa6ip6c6i4s2sknhuwqy55pzavfw2qk.py:18:0: 56 instructions in function
remark: c2prmtchna3oqrbopfhvjr5g2j2h2ccpmynfkic5unea3mrdts3r.py:18:0: 78 instructions in function
remark: c2prmtchna3oqrbopfhvjr5g2j2h2ccpmynfkic5unea3mrdts3r.py:18:0: 64 instructions in function
remark: ckcqxhnzvtdm6mxcfg7inxofznphozbv6xl6v5pg7ksttym66tca.py:18:0: 96 instructions in function
remark: ckcqxhnzvtdm6mxcfg7inxofznphozbv6xl6v5pg7ksttym66tca.py:18:0: 45 instructions in function
remark: cfzlvecoyqhdvocj2ouiemxi7kub2qjlg4xdj2r2bxtn52cygu4e.py:18:0: 227 instructions in function
remark: c6bwtl2ohg4bo4c7dufrfpafabx42f7aksicpt5ewrnq7hh333sp.py:18:0: 23 instructions in function
remark: c6bwtl2ohg4bo4c7dufrfpafabx42f7aksicpt5ewrnq7hh333sp.py:18:0: 17 instructions in function
remark: cx4wd22cpnm3uvnobjaah4bz3muw7uptd2inis3xucyovvl5prsy.py:18:0: 150 instructions in function
remark: cpwrzrsw52mzefhjf6uwxxzblcw6thi44zf6xdqsms3pdd3vsm3x.py:18:0: 228 instructions in function
remark: cpwrzrsw52mzefhjf6uwxxzblcw6thi44zf6xdqsms3pdd3vsm3x.py:18:0: 94 instructions in function
remark: cizwmgdafiai73v74i3zbpygern3j7h3oskuj5njmqji677yk6vm.py:18:0: 235 instructions in function
remark: c2eey3mizhj2hidffwtlp7luaapk4ifjnx5xpx6osixl6ocbvqo6.py:18:0: 100 instructions in function
remark: cmgktnifa2nxckvadtcz7pbhjvcughggxeuyi25f5t3t4tygzpqt.py:18:0: 16 instructions in function
remark: cmgktnifa2nxckvadtcz7pbhjvcughggxeuyi25f5t3t4tygzpqt.py:18:0: 12 instructions in function
remark: cvqt5ftjq2obl3mmyprsbq63ewoyme2xuv5gi4f36y6ju462ikz3.py:18:0: 48 instructions in function
remark: cvqt5ftjq2obl3mmyprsbq63ewoyme2xuv5gi4f36y6ju462ikz3.py:18:0: 41 instructions in function
remark: cm4qgrw44cgu5qcwqmxbm7o2yrhmfkstv7mu2frrzom7uvj2bh76.py:18:0: 228 instructions in function
remark: crnqw3oesluwkvqctbumuebkaslzg5g33sdkvdqn2oowuqtrf4vs.py:18:0: 96 instructions in function
remark: cy6prqudnzqoasdlpskqs3nm4porr4cfynwjpcis6uejovb4w4nv.py:18:0: 360 instructions in function
remark: cy6prqudnzqoasdlpskqs3nm4porr4cfynwjpcis6uejovb4w4nv.py:18:0: 139 instructions in function
remark: cs2zl4733hbersteqyibh6pzxslmng4yj42je7ftjeypnme2hz7c.py:18:0: 235 instructions in function
remark: cppargrasfcnsxdaagtbdg4bnk3qynvvekstyvyweevwbst5547u.py:18:0: 119 instructions in function
remark: chj4gbbw3xnub6xrhparvxgvpxaz7fpche26ldyo4injbo7cwsyh.py:18:0: 51 instructions in function
remark: chj4gbbw3xnub6xrhparvxgvpxaz7fpche26ldyo4injbo7cwsyh.py:18:0: 44 instructions in function
remark: ccx56whhyenhj7o5pcbla2upgfkirkyrwc2i4l4sq6mzufwonlkl.py:18:0: 228 instructions in function
remark: csg7riqj3ztfi37bozzth2nxdg5k5uyks63njyus6bcfbo67ecno.py:18:0: 235 instructions in function
remark: car7dwluyhc7p7ur3av7vggwgpj2yyynlslqoed3sz7eiph4is7q.py:18:0: 51 instructions in function
remark: car7dwluyhc7p7ur3av7vggwgpj2yyynlslqoed3sz7eiph4is7q.py:18:0: 44 instructions in function
remark: c7xctjqgghkdnb2hdiujeeb7wkeo6pd345lmy2je32vlkmb6726x.py:18:0: 228 instructions in function
remark: chno25mitfbvyoeu77jemf22hva4vmm2apzngzfein5rnwqcdl5w.py:18:0: 245 instructions in function
remark: cy47ib7cjirykx7pzxx2weui26gzasbaqdhggxuwmczlgs5td4nx.py:18:0: 95 instructions in function
remark: cops7obznjbv555cidulgywzqfx4intqmp3gdchjwcwnuiybbwte.py:18:0: 51 instructions in function
remark: cops7obznjbv555cidulgywzqfx4intqmp3gdchjwcwnuiybbwte.py:18:0: 44 instructions in function
remark: cgjuymj4svouu2a2mz3yncqp36waza2xxrogbsn3qe6drjdkw2x6.py:18:0: 16 instructions in function
    -> OK median=33.943 ms tok/s=471.4
[decode] RECURRENT_COMPILED P1_BF16_AUTOCAST_FP32_STATE B=32
remark: cdxn3xprfnrpsdop7gzjf62nlomnjpajh7meyuhvvnwjbushtp6i.py:18:0: 218 instructions in function
remark: cdxn3xprfnrpsdop7gzjf62nlomnjpajh7meyuhvvnwjbushtp6i.py:18:0: 240 instructions in function
remark: cdxn3xprfnrpsdop7gzjf62nlomnjpajh7meyuhvvnwjbushtp6i.py:18:0: 305 instructions in function
remark: cdxn3xprfnrpsdop7gzjf62nlomnjpajh7meyuhvvnwjbushtp6i.py:18:0: 218 instructions in function
remark: cdxn3xprfnrpsdop7gzjf62nlomnjpajh7meyuhvvnwjbushtp6i.py:18:0: 153 instructions in function
remark: cd5r5loarqrl53mnzm3574zfrnauj4a6zcqn5lmxrgsufn464p3n.py:18:0: 2697 instructions in function
remark: cd5r5loarqrl53mnzm3574zfrnauj4a6zcqn5lmxrgsufn464p3n.py:18:0: 702 instructions in function
remark: cicvir3ixgrricy4dy3bxgoszvngx2v3pa2doq6stqaktk2ghurl.py:18:0: 262 instructions in function
remark: cicvir3ixgrricy4dy3bxgoszvngx2v3pa2doq6stqaktk2ghurl.py:18:0: 125 instructions in function
remark: crkkedshwtg6rx5qq43z4f2y3dz3gxqumlx5z5bgph4fadbudrar.py:18:0: 224 instructions in function
remark: c64he26l6ayuqktn5n2n3gzee5nxeqziy2zfiktylf6mr6tj32ky.py:18:0: 39 instructions in function
remark: c64he26l6ayuqktn5n2n3gzee5nxeqziy2zfiktylf6mr6tj32ky.py:18:0: 39 instructions in function
remark: c64he26l6ayuqktn5n2n3gzee5nxeqziy2zfiktylf6mr6tj32ky.py:18:0: 56 instructions in function
remark: c64he26l6ayuqktn5n2n3gzee5nxeqziy2zfiktylf6mr6tj32ky.py:18:0: 77 instructions in function
remark: cwh2nxzddg4gkdogzbbycec7alv2urys44dk4sibwmpwso2mv6mb.py:18:0: 78 instructions in function
remark: cwh2nxzddg4gkdogzbbycec7alv2urys44dk4sibwmpwso2mv6mb.py:18:0: 64 instructions in function
remark: cxmm2nkghgqv443qxl7ol4vwb7hlvghwu3boxl4r3ui62wxk2ejz.py:18:0: 96 instructions in function
remark: cxmm2nkghgqv443qxl7ol4vwb7hlvghwu3boxl4r3ui62wxk2ejz.py:18:0: 45 instructions in function
remark: cnhd7z6dewwijbhqzgoonqvwqxktxyvms6p5zquzw2nhc37s5s7o.py:18:0: 227 instructions in function
remark: ckzxetif5bzjlyxqtiatufctnagiuq7em6bvi3etyt7ziozih6aa.py:18:0: 31 instructions in function
remark: ckzxetif5bzjlyxqtiatufctnagiuq7em6bvi3etyt7ziozih6aa.py:18:0: 23 instructions in function
remark: cbcetpmbqcsluqswivyz3lzxcprvxwvkccfk2z4ehp5rxmbxfvnp.py:18:0: 150 instructions in function
remark: c224tcooxixmjnqykp5ycyqoq3lchl43e4cxqymmmm2hg7ccvuli.py:18:0: 228 instructions in function
remark: c224tcooxixmjnqykp5ycyqoq3lchl43e4cxqymmmm2hg7ccvuli.py:18:0: 94 instructions in function
remark: cuvxuftze6qcv2pjenglbll3iubmmcksiy6a2la3yehovipvp46h.py:18:0: 235 instructions in function
remark: cdszatmxk22prxgn4ft52ylndlhowq3v372gyhg35kt3tbhvmgkb.py:18:0: 100 instructions in function
remark: ci454fu2343gxgzhlyl4umlsh6sclm5p24ao2hpwoorobyskmdr2.py:18:0: 16 instructions in function
remark: ci454fu2343gxgzhlyl4umlsh6sclm5p24ao2hpwoorobyskmdr2.py:18:0: 12 instructions in function
remark: c5bxrsrgnf64idw3v2oy6qewp5b3gjzhitg75tlzmgjs374kbz67.py:18:0: 59 instructions in function
remark: c5bxrsrgnf64idw3v2oy6qewp5b3gjzhitg75tlzmgjs374kbz67.py:18:0: 48 instructions in function
remark: cbgrogryqjlxs6kok4qqmx47dpgkw5dxnhsybumd25zjlvybjmcl.py:18:0: 228 instructions in function
remark: coksogjvwyked54lgrehccgrmn7xizpn5puompml32jrtx6bfiaw.py:18:0: 96 instructions in function
remark: cakp5423vc5qgiljffxvsej62y2yghjrbvb6554mb2igiedyxkrr.py:18:0: 360 instructions in function
remark: cakp5423vc5qgiljffxvsej62y2yghjrbvb6554mb2igiedyxkrr.py:18:0: 139 instructions in function
remark: ct4hs4g7jywx762vk4m2y7htbx26iemuyhnx35sa63ovtlkmrt7s.py:18:0: 235 instructions in function
remark: cp6wfhurlnvswrcqwxpztbkckf7wp56eustrfdt7qpxan2lcuzy4.py:18:0: 119 instructions in function
remark: cbszxh6gs5327y7p6ujazn7jmudbmjhsn5zdymvavvqpf7syzjml.py:18:0: 62 instructions in function
remark: cbszxh6gs5327y7p6ujazn7jmudbmjhsn5zdymvavvqpf7syzjml.py:18:0: 51 instructions in function
remark: cimpnnyuv44crh7aqfgfnsn4zlacxq3sec44owofy3maatyr6qdf.py:18:0: 228 instructions in function
remark: c7sffu6jde22asvnpsgybfzgibz5tbxuuvkkzohzygvlizhrt5xw.py:18:0: 235 instructions in function
remark: ckxwsbb6mdhr3gvxovcd2cj6chtbrsa6dvdvwzk4o7qrkdke4bgm.py:18:0: 62 instructions in function
remark: ckxwsbb6mdhr3gvxovcd2cj6chtbrsa6dvdvwzk4o7qrkdke4bgm.py:18:0: 51 instructions in function
remark: cppwkhehpx7btwzzutf54wkriuh6z6m2lbc7ms4qyqgiyy4hcpob.py:18:0: 228 instructions in function
remark: cx5ykwmceilc6aj5o6hi3k5hvrvrbnj3hvdnya35yqmpeenehifz.py:18:0: 245 instructions in function
remark: c3w7sc4dtvqddwl4ped2vs7m4ouafb2nzctktluc2vpp5mrroelp.py:18:0: 95 instructions in function
remark: cxbu2h6s3lgk7jz7gac65esyidspacrcgtgibo4x2xbafuxy3aw2.py:18:0: 62 instructions in function
remark: cxbu2h6s3lgk7jz7gac65esyidspacrcgtgibo4x2xbafuxy3aw2.py:18:0: 51 instructions in function
remark: cxdttwm4shwsjmht2m34cw5mndsak5x6gsfj6uy5qjmdlrkj5dps.py:18:0: 13 instructions in function
    -> OK median=63.739 ms tok/s=502.0
C:\Users\arahe\AppData\Local\Programs\Python\Python312\Lib\site-packages\torch\profiler\profiler.py:217: UserWarning: Warning: Profiler clears events at the end of each cycle.Only events from the current cycle will be reported.To keep events across cycles, set acc_events=True.
  _warn_once(
