
$ C:\Users\arahe\AppData\Local\Programs\Python\Python312\python.exe -m training.sft_probe.generation_eval --tag ar_015_dose010 --out-dir C:\iclr-oc\results\autoresearch\generations --metrics C:\iclr-oc\results\autoresearch\generation_metrics.json --checkpoint C:\iclr-oc\runs\autoresearch\ar_015_dose010\dose_1737549.pt
{
 "tag": "ar_015_dose010",
 "greedy": {
  "prompt_count": 40,
  "mean_repeated_unigram_fraction": 0.756640625,
  "mean_repeated_bigram_fraction": 0.6833333333333333,
  "mean_repeated_trigram_fraction": 0.6415322580645161,
  "mean_distinct_2": 0.31666666666666665,
  "mean_distinct_3": 0.35846774193548386,
  "mean_token_entropy_bits": 3.521498167000055,
  "mean_longest_repeated_substring": 31.925,
  "constant_token_rate": 0.0,
  "loop_run_ge_8_rate": 0.0
 },
 "sampled": {
  "prompt_count": 40,
  "mean_repeated_unigram_fraction": 0.4943359375,
  "mean_repeated_bigram_fraction": 0.2549212598425197,
  "mean_repeated_trigram_fraction": 0.16765873015873017,
  "mean_distinct_2": 0.7450787401574803,
  "mean_distinct_3": 0.8323412698412698,
  "mean_token_entropy_bits": 5.523336969792874,
  "mean_longest_repeated_substring": 9.825,
  "constant_token_rate": 0.0,
  "loop_run_ge_8_rate": 0.0
 },
 "parity": true
}
