
$ C:\Users\arahe\AppData\Local\Programs\Python\Python312\python.exe -m training.sft_probe.generation_eval --tag ar_017_dose040 --out-dir C:\iclr-oc\results\autoresearch\generations --metrics C:\iclr-oc\results\autoresearch\generation_metrics.json --checkpoint C:\iclr-oc\runs\autoresearch\ar_017_dose040\dose_6950196.pt
{
 "tag": "ar_017_dose040",
 "greedy": {
  "prompt_count": 40,
  "mean_repeated_unigram_fraction": 0.71171875,
  "mean_repeated_bigram_fraction": 0.6182539682539683,
  "mean_repeated_trigram_fraction": 0.5629032258064516,
  "mean_distinct_2": 0.3817460317460317,
  "mean_distinct_3": 0.4370967741935484,
  "mean_token_entropy_bits": 3.756999986399861,
  "mean_longest_repeated_substring": 25.65,
  "constant_token_rate": 0.0,
  "loop_run_ge_8_rate": 0.0
 },
 "sampled": {
  "prompt_count": 40,
  "mean_repeated_unigram_fraction": 0.4982421875,
  "mean_repeated_bigram_fraction": 0.26515748031496067,
  "mean_repeated_trigram_fraction": 0.17797619047619045,
  "mean_distinct_2": 0.7348425196850393,
  "mean_distinct_3": 0.8220238095238095,
  "mean_token_entropy_bits": 5.478937010955632,
  "mean_longest_repeated_substring": 11.525,
  "constant_token_rate": 0.0,
  "loop_run_ge_8_rate": 0.0
 },
 "parity": true
}
