
$ C:\Users\arahe\AppData\Local\Programs\Python\Python312\python.exe -m training.sft_probe.generation_eval --tag ar_002_lr1e4 --out-dir C:\iclr-oc\results\autoresearch\generations --metrics C:\iclr-oc\results\autoresearch\generation_metrics.json --checkpoint C:\iclr-oc\runs\autoresearch\ar_002_lr1e4\dose_521265.pt
{
 "tag": "ar_002_lr1e4",
 "greedy": {
  "prompt_count": 40,
  "mean_repeated_unigram_fraction": 0.815234375,
  "mean_repeated_bigram_fraction": 0.7623015873015874,
  "mean_repeated_trigram_fraction": 0.7294354838709677,
  "mean_distinct_2": 0.2376984126984127,
  "mean_distinct_3": 0.27056451612903226,
  "mean_token_entropy_bits": 3.0572345520591133,
  "mean_longest_repeated_substring": 38.425,
  "constant_token_rate": 0.0,
  "loop_run_ge_8_rate": 0.0
 },
 "sampled": {
  "prompt_count": 40,
  "mean_repeated_unigram_fraction": 0.5482421875,
  "mean_repeated_bigram_fraction": 0.3240157480314961,
  "mean_repeated_trigram_fraction": 0.2251984126984127,
  "mean_distinct_2": 0.675984251968504,
  "mean_distinct_3": 0.7748015873015872,
  "mean_token_entropy_bits": 5.308605665775465,
  "mean_longest_repeated_substring": 11.6,
  "constant_token_rate": 0.0,
  "loop_run_ge_8_rate": 0.0
 },
 "parity": true
}
