
$ C:\Users\arahe\AppData\Local\Programs\Python\Python312\python.exe -m training.sft_probe.generation_eval --tag ar_009_replay5 --out-dir C:\iclr-oc\results\autoresearch\generations --metrics C:\iclr-oc\results\autoresearch\generation_metrics.json --checkpoint C:\iclr-oc\runs\autoresearch\ar_009_replay5\dose_521265.pt
{
 "tag": "ar_009_replay5",
 "greedy": {
  "prompt_count": 40,
  "mean_repeated_unigram_fraction": 0.767578125,
  "mean_repeated_bigram_fraction": 0.6992063492063492,
  "mean_repeated_trigram_fraction": 0.6584677419354839,
  "mean_distinct_2": 0.3007936507936508,
  "mean_distinct_3": 0.34153225806451615,
  "mean_token_entropy_bits": 3.344233053369057,
  "mean_longest_repeated_substring": 32.625,
  "constant_token_rate": 0.0,
  "loop_run_ge_8_rate": 0.0
 },
 "sampled": {
  "prompt_count": 40,
  "mean_repeated_unigram_fraction": 0.559375,
  "mean_repeated_bigram_fraction": 0.34468503937007877,
  "mean_repeated_trigram_fraction": 0.251984126984127,
  "mean_distinct_2": 0.6553149606299213,
  "mean_distinct_3": 0.748015873015873,
  "mean_token_entropy_bits": 5.246438199446697,
  "mean_longest_repeated_substring": 12.075,
  "constant_token_rate": 0.0,
  "loop_run_ge_8_rate": 0.0
 },
 "parity": true
}
