
$ C:\Users\arahe\AppData\Local\Programs\Python\Python312\python.exe -m training.sft_probe.generation_eval --tag ar_004_lr5e4 --out-dir C:\iclr-oc\results\autoresearch\generations --metrics C:\iclr-oc\results\autoresearch\generation_metrics.json --checkpoint C:\iclr-oc\runs\autoresearch\ar_004_lr5e4\dose_521265.pt
{
 "tag": "ar_004_lr5e4",
 "greedy": {
  "prompt_count": 40,
  "mean_repeated_unigram_fraction": 0.7921875,
  "mean_repeated_bigram_fraction": 0.7261904761904762,
  "mean_repeated_trigram_fraction": 0.6866935483870968,
  "mean_distinct_2": 0.27380952380952384,
  "mean_distinct_3": 0.3133064516129032,
  "mean_token_entropy_bits": 3.209683757502971,
  "mean_longest_repeated_substring": 34.45,
  "constant_token_rate": 0.0,
  "loop_run_ge_8_rate": 0.0
 },
 "sampled": {
  "prompt_count": 40,
  "mean_repeated_unigram_fraction": 0.5560546875,
  "mean_repeated_bigram_fraction": 0.3488188976377953,
  "mean_repeated_trigram_fraction": 0.25853174603174606,
  "mean_distinct_2": 0.6511811023622047,
  "mean_distinct_3": 0.741468253968254,
  "mean_token_entropy_bits": 5.229988972633647,
  "mean_longest_repeated_substring": 13.8,
  "constant_token_rate": 0.0,
  "loop_run_ge_8_rate": 0.0
 },
 "parity": true
}
