
$ C:\Users\arahe\AppData\Local\Programs\Python\Python312\python.exe -m training.sft_probe.generation_eval --tag ar_001_baseline_mix --out-dir C:\iclr-oc\results\autoresearch\generations --metrics C:\iclr-oc\results\autoresearch\generation_metrics.json --checkpoint C:\iclr-oc\runs\autoresearch\ar_001_baseline_mix\dose_521265.pt
{
 "tag": "ar_001_baseline_mix",
 "greedy": {
  "prompt_count": 40,
  "mean_repeated_unigram_fraction": 0.771875,
  "mean_repeated_bigram_fraction": 0.7059523809523809,
  "mean_repeated_trigram_fraction": 0.665725806451613,
  "mean_distinct_2": 0.294047619047619,
  "mean_distinct_3": 0.3342741935483871,
  "mean_token_entropy_bits": 3.360680330432829,
  "mean_longest_repeated_substring": 34.925,
  "constant_token_rate": 0.0,
  "loop_run_ge_8_rate": 0.0
 },
 "sampled": {
  "prompt_count": 40,
  "mean_repeated_unigram_fraction": 0.542578125,
  "mean_repeated_bigram_fraction": 0.3240157480314961,
  "mean_repeated_trigram_fraction": 0.23154761904761906,
  "mean_distinct_2": 0.6759842519685039,
  "mean_distinct_3": 0.7684523809523809,
  "mean_token_entropy_bits": 5.250419854896408,
  "mean_longest_repeated_substring": 11.425,
  "constant_token_rate": 0.0,
  "loop_run_ge_8_rate": 0.0
 },
 "parity": true
}
