
$ C:\Users\arahe\AppData\Local\Programs\Python\Python312\python.exe -m training.sft_probe.generation_eval --tag ar_016_dose030 --out-dir C:\iclr-oc\results\autoresearch\generations --metrics C:\iclr-oc\results\autoresearch\generation_metrics.json --checkpoint C:\iclr-oc\runs\autoresearch\ar_016_dose030\dose_5212647.pt
{
 "tag": "ar_016_dose030",
 "greedy": {
  "prompt_count": 40,
  "mean_repeated_unigram_fraction": 0.66015625,
  "mean_repeated_bigram_fraction": 0.5440476190476191,
  "mean_repeated_trigram_fraction": 0.4818548387096774,
  "mean_distinct_2": 0.45595238095238094,
  "mean_distinct_3": 0.5181451612903226,
  "mean_token_entropy_bits": 3.9776466570705757,
  "mean_longest_repeated_substring": 22.0,
  "constant_token_rate": 0.0,
  "loop_run_ge_8_rate": 0.0
 },
 "sampled": {
  "prompt_count": 40,
  "mean_repeated_unigram_fraction": 0.481640625,
  "mean_repeated_bigram_fraction": 0.25059055118110235,
  "mean_repeated_trigram_fraction": 0.15992063492063494,
  "mean_distinct_2": 0.7494094488188977,
  "mean_distinct_3": 0.840079365079365,
  "mean_token_entropy_bits": 5.558265887018744,
  "mean_longest_repeated_substring": 10.3,
  "constant_token_rate": 0.0,
  "loop_run_ge_8_rate": 0.0
 },
 "parity": true
}
