
$ C:\Users\arahe\AppData\Local\Programs\Python\Python312\python.exe -m training.sft_probe.generation_eval --tag ar_013_tulu40 --out-dir C:\iclr-oc\results\autoresearch\generations --metrics C:\iclr-oc\results\autoresearch\generation_metrics.json --checkpoint C:\iclr-oc\runs\autoresearch\ar_013_tulu40\dose_521265.pt
{
 "tag": "ar_013_tulu40",
 "greedy": {
  "prompt_count": 40,
  "mean_repeated_unigram_fraction": 0.769140625,
  "mean_repeated_bigram_fraction": 0.692063492063492,
  "mean_repeated_trigram_fraction": 0.6451612903225806,
  "mean_distinct_2": 0.3079365079365079,
  "mean_distinct_3": 0.3548387096774194,
  "mean_token_entropy_bits": 3.4099005150257775,
  "mean_longest_repeated_substring": 30.525,
  "constant_token_rate": 0.0,
  "loop_run_ge_8_rate": 0.0
 },
 "sampled": {
  "prompt_count": 40,
  "mean_repeated_unigram_fraction": 0.5240234375,
  "mean_repeated_bigram_fraction": 0.30118110236220474,
  "mean_repeated_trigram_fraction": 0.20396825396825397,
  "mean_distinct_2": 0.6988188976377953,
  "mean_distinct_3": 0.7960317460317461,
  "mean_token_entropy_bits": 5.359523642288905,
  "mean_longest_repeated_substring": 10.15,
  "constant_token_rate": 0.0,
  "loop_run_ge_8_rate": 0.0
 },
 "parity": true
}
