
$ C:\Users\arahe\AppData\Local\Programs\Python\Python312\python.exe -m training.sft_probe.generation_eval --tag ar_010_replay20 --out-dir C:\iclr-oc\results\autoresearch\generations --metrics C:\iclr-oc\results\autoresearch\generation_metrics.json --checkpoint C:\iclr-oc\runs\autoresearch\ar_010_replay20\dose_521265.pt
{
 "tag": "ar_010_replay20",
 "greedy": {
  "prompt_count": 40,
  "mean_repeated_unigram_fraction": 0.781640625,
  "mean_repeated_bigram_fraction": 0.7170634920634921,
  "mean_repeated_trigram_fraction": 0.6782258064516129,
  "mean_distinct_2": 0.28293650793650793,
  "mean_distinct_3": 0.3217741935483871,
  "mean_token_entropy_bits": 3.297594001056441,
  "mean_longest_repeated_substring": 37.125,
  "constant_token_rate": 0.0,
  "loop_run_ge_8_rate": 0.0
 },
 "sampled": {
  "prompt_count": 40,
  "mean_repeated_unigram_fraction": 0.52890625,
  "mean_repeated_bigram_fraction": 0.3159448818897638,
  "mean_repeated_trigram_fraction": 0.23055555555555557,
  "mean_distinct_2": 0.6840551181102362,
  "mean_distinct_3": 0.7694444444444445,
  "mean_token_entropy_bits": 5.371279175837562,
  "mean_longest_repeated_substring": 11.425,
  "constant_token_rate": 0.0,
  "loop_run_ge_8_rate": 0.0
 },
 "parity": true
}
