
$ C:\Users\arahe\AppData\Local\Programs\Python\Python312\python.exe -m training.sft_probe.generation_eval --tag ar_011_bespoke40 --out-dir C:\iclr-oc\results\autoresearch\generations --metrics C:\iclr-oc\results\autoresearch\generation_metrics.json --checkpoint C:\iclr-oc\runs\autoresearch\ar_011_bespoke40\dose_521265.pt
{
 "tag": "ar_011_bespoke40",
 "greedy": {
  "prompt_count": 40,
  "mean_repeated_unigram_fraction": 0.75625,
  "mean_repeated_bigram_fraction": 0.6718253968253969,
  "mean_repeated_trigram_fraction": 0.6157258064516129,
  "mean_distinct_2": 0.3281746031746032,
  "mean_distinct_3": 0.3842741935483871,
  "mean_token_entropy_bits": 3.5012100167150733,
  "mean_longest_repeated_substring": 30.0,
  "constant_token_rate": 0.0,
  "loop_run_ge_8_rate": 0.0
 },
 "sampled": {
  "prompt_count": 40,
  "mean_repeated_unigram_fraction": 0.537109375,
  "mean_repeated_bigram_fraction": 0.32125984251968503,
  "mean_repeated_trigram_fraction": 0.2259920634920635,
  "mean_distinct_2": 0.678740157480315,
  "mean_distinct_3": 0.7740079365079364,
  "mean_token_entropy_bits": 5.269441822387022,
  "mean_longest_repeated_substring": 12.5,
  "constant_token_rate": 0.0,
  "loop_run_ge_8_rate": 0.0
 },
 "parity": true
}
