
$ C:\Users\arahe\AppData\Local\Programs\Python\Python312\python.exe -m training.sft_probe.generation_eval --tag ar_005_cosine --out-dir C:\iclr-oc\results\autoresearch\generations --metrics C:\iclr-oc\results\autoresearch\generation_metrics.json --checkpoint C:\iclr-oc\runs\autoresearch\ar_005_cosine\dose_521265.pt
{
 "tag": "ar_005_cosine",
 "greedy": {
  "prompt_count": 40,
  "mean_repeated_unigram_fraction": 0.758203125,
  "mean_repeated_bigram_fraction": 0.6876984126984127,
  "mean_repeated_trigram_fraction": 0.6463709677419355,
  "mean_distinct_2": 0.3123015873015873,
  "mean_distinct_3": 0.3536290322580645,
  "mean_token_entropy_bits": 3.3037748076814224,
  "mean_longest_repeated_substring": 32.4,
  "constant_token_rate": 0.0,
  "loop_run_ge_8_rate": 0.0
 },
 "sampled": {
  "prompt_count": 40,
  "mean_repeated_unigram_fraction": 0.555078125,
  "mean_repeated_bigram_fraction": 0.3320866141732284,
  "mean_repeated_trigram_fraction": 0.2373015873015873,
  "mean_distinct_2": 0.6679133858267716,
  "mean_distinct_3": 0.7626984126984127,
  "mean_token_entropy_bits": 5.220789274336157,
  "mean_longest_repeated_substring": 13.075,
  "constant_token_rate": 0.0,
  "loop_run_ge_8_rate": 0.0
 },
 "parity": true
}
