
$ C:\Users\arahe\AppData\Local\Programs\Python\Python312\python.exe -m training.sft_probe.generation_eval --tag ar_007_warmup5 --out-dir C:\iclr-oc\results\autoresearch\generations --metrics C:\iclr-oc\results\autoresearch\generation_metrics.json --checkpoint C:\iclr-oc\runs\autoresearch\ar_007_warmup5\dose_521265.pt
{
 "tag": "ar_007_warmup5",
 "greedy": {
  "prompt_count": 40,
  "mean_repeated_unigram_fraction": 0.772265625,
  "mean_repeated_bigram_fraction": 0.7015873015873015,
  "mean_repeated_trigram_fraction": 0.655241935483871,
  "mean_distinct_2": 0.2984126984126984,
  "mean_distinct_3": 0.34475806451612906,
  "mean_token_entropy_bits": 3.357654207252554,
  "mean_longest_repeated_substring": 31.55,
  "constant_token_rate": 0.0,
  "loop_run_ge_8_rate": 0.0
 },
 "sampled": {
  "prompt_count": 40,
  "mean_repeated_unigram_fraction": 0.5296875,
  "mean_repeated_bigram_fraction": 0.29744094488188977,
  "mean_repeated_trigram_fraction": 0.19583333333333336,
  "mean_distinct_2": 0.7025590551181102,
  "mean_distinct_3": 0.8041666666666666,
  "mean_token_entropy_bits": 5.3515368538685735,
  "mean_longest_repeated_substring": 11.0,
  "constant_token_rate": 0.0,
  "loop_run_ge_8_rate": 0.0
 },
 "parity": true
}
